../Core/Src/main.c:122:5:findClosest	40	static
../Core/Src/main.c:156:5:existsEpruveta	24	static
../Core/Src/main.c:163:5:doCCW	24	static
../Core/Src/main.c:173:8:convertAdcToVolts	16	static
../Core/Src/main.c:177:8:convertToCelsius	16	static
../Core/Src/main.c:181:6:startMotor	16	static
../Core/Src/main.c:202:6:disableMotor	16	static
../Core/Src/main.c:214:6:changeDirection	16	static
../Core/Src/main.c:236:6:HAL_GPIO_EXTI_Callback	16	static
../Core/Src/main.c:260:6:HAL_TIM_PeriodElapsedCallback	16	static
../Core/Src/main.c:318:6:heat	24	static
../Core/Src/main.c:352:6:calibrate	8	static
../Core/Src/main.c:381:6:locate	8	static
../Core/Src/main.c:419:6:shift	8	static
../Core/Src/main.c:467:5:main	8	static
../Core/Src/main.c:531:6:SystemClock_Config	88	static
../Core/Src/main.c:578:13:MX_ADC1_Init	24	static
../Core/Src/main.c:625:13:MX_TIM2_Init	32	static
../Core/Src/main.c:670:13:MX_TIM3_Init	32	static
../Core/Src/main.c:715:13:MX_GPIO_Init	40	static
../Core/Src/main.c:775:6:Error_Handler	4	static,ignoring_inline_asm
