../Core/Src/main.c:122:5:findClosest	6
../Core/Src/main.c:156:5:existsEpruveta	3
../Core/Src/main.c:163:5:doCCW	2
../Core/Src/main.c:173:8:convertAdcToVolts	1
../Core/Src/main.c:177:8:convertToCelsius	1
../Core/Src/main.c:181:6:startMotor	3
../Core/Src/main.c:202:6:disableMotor	3
../Core/Src/main.c:214:6:changeDirection	3
../Core/Src/main.c:236:6:HAL_GPIO_EXTI_Callback	8
../Core/Src/main.c:260:6:HAL_TIM_PeriodElapsedCallback	18
../Core/Src/main.c:318:6:heat	5
../Core/Src/main.c:352:6:calibrate	4
../Core/Src/main.c:381:6:locate	6
../Core/Src/main.c:418:6:shift	7
../Core/Src/main.c:466:5:main	5
../Core/Src/main.c:529:6:SystemClock_Config	4
../Core/Src/main.c:576:13:MX_ADC1_Init	3
../Core/Src/main.c:623:13:MX_TIM2_Init	4
../Core/Src/main.c:668:13:MX_TIM3_Init	4
../Core/Src/main.c:713:13:MX_GPIO_Init	1
../Core/Src/main.c:773:6:Error_Handler	1
